// Jest Snapshot v1, https://goo.gl/fbAQLP

exports[`AppSkeleton shows a preview of the application 1`] = `
<DocumentFragment>
  <header
    class="MuiPaper-root MuiAppBar-root MuiAppBar-positionStatic MuiAppBar-colorPrimary MuiPaper-elevation4"
  >
    <div
      class="MuiToolbar-root MuiToolbar-regular MuiToolbar-gutters"
    >
      <button
        aria-label="menu"
        class="MuiButtonBase-root MuiIconButton-root MuiIconButton-colorInherit MuiIconButton-edgeStart"
        tabindex="0"
        type="button"
      >
        <span
          class="MuiIconButton-label"
        >
          <svg
            aria-hidden="true"
            class="MuiSvgIcon-root"
            focusable="false"
            viewBox="0 0 24 24"
          >
            <path
              d="M3 18h18v-2H3v2zm0-5h18v-2H3v2zm0-7v2h18V6H3z"
            />
          </svg>
        </span>
        <span
          class="MuiTouchRipple-root"
        />
      </button>
      <h6
        class="MuiTypography-root MuiTypography-h6"
      >
        HomeRemote
      </h6>
    </div>
  </header>
  <div
    class="MuiContainer-root MuiContainer-maxWidthXl"
  >
    <div
      class="MuiBox-root MuiBox-root"
    >
      <div
        class="MuiGrid-root MuiGrid-container MuiGrid-spacing-xs-2"
      >
        <div
          class="MuiGrid-root MuiGrid-item MuiGrid-grid-xs-12 MuiGrid-grid-md-3"
        >
          <span
            class="MuiSkeleton-root MuiSkeleton-rect MuiSkeleton-pulse"
            style="height: 300px;"
          />
        </div>
        <div
          class="MuiGrid-root MuiGrid-item MuiGrid-grid-xs-12 MuiGrid-grid-md-true"
        >
          <span
            class="MuiSkeleton-root MuiSkeleton-rect MuiSkeleton-pulse"
            style="height: 300px;"
          />
        </div>
        <div
          class="MuiGrid-root MuiGrid-item MuiGrid-grid-xs-12 MuiGrid-grid-md-2"
        >
          <span
            class="MuiSkeleton-root MuiSkeleton-rect MuiSkeleton-pulse"
            style="height: 300px;"
          />
        </div>
        <div
          class="MuiGrid-root MuiGrid-item MuiGrid-grid-xs-12 MuiGrid-grid-md-2"
        >
          <span
            class="MuiSkeleton-root MuiSkeleton-rect MuiSkeleton-pulse"
            style="height: 300px;"
          />
        </div>
      </div>
    </div>
  </div>
</DocumentFragment>
`;
