// Jest Snapshot v1, https://goo.gl/fbAQLP

exports[`LogCard shows error logline with icon 1`] = `
<p
  class="MuiTypography-root makeStyles-message MuiTypography-body2"
>
  <svg
    aria-hidden="true"
    class="MuiSvgIcon-root"
    focusable="false"
    style="fill: red;"
    viewBox="0 0 24 24"
  >
    <path
      d="M1 21h22L12 2 1 21zm12-3h-2v-2h2v2zm0-4h-2v-4h2v4z"
    />
  </svg>
  my error message
</p>
`;

exports[`LogCard shows info logline with icon 1`] = `
<p
  class="MuiTypography-root makeStyles-message MuiTypography-body2"
>
  <svg
    aria-hidden="true"
    class="MuiSvgIcon-root"
    focusable="false"
    style="fill: grey;"
    viewBox="0 0 24 24"
  >
    <path
      d="M11 7h2v2h-2zm0 4h2v6h-2zm1-9C6.48 2 2 6.48 2 12s4.48 10 10 10 10-4.48 10-10S17.52 2 12 2zm0 18c-4.41 0-8-3.59-8-8s3.59-8 8-8 8 3.59 8 8-3.59 8-8 8z"
    />
  </svg>
  my info message
</p>
`;
