// Jest Snapshot v1, https://goo.gl/fbAQLP

exports[`Log page contains the LogCard 1`] = `
<body>
  <div>
    <mock-log-card />
  </div>
</body>
`;
