// Jest Snapshot v1, https://goo.gl/fbAQLP

exports[`HomeAutomation page contains the SwitchBarList 1`] = `
<body>
  <div>
    <mock-switch-bar-list />
    <mock-gaschart
      isbig="true"
    />
  </div>
</body>
`;
